../../Drivers/STM32N6xx_HAL_Driver/Inc/stm32n6xx_ll_ucpd.h:559:22:LL_UCPD_TypeCDetectionCC2Enable	16	static
../../Drivers/STM32N6xx_HAL_Driver/Inc/stm32n6xx_ll_ucpd.h:570:22:LL_UCPD_TypeCDetectionCC2Disable	16	static
../../Drivers/STM32N6xx_HAL_Driver/Inc/stm32n6xx_ll_ucpd.h:581:22:LL_UCPD_TypeCDetectionCC1Enable	16	static
../../Drivers/STM32N6xx_HAL_Driver/Inc/stm32n6xx_ll_ucpd.h:592:22:LL_UCPD_TypeCDetectionCC1Disable	16	static
../../Drivers/STM32N6xx_HAL_Driver/Inc/stm32n6xx_ll_ucpd.h:625:22:LL_UCPD_SignalFRSTX	16	static
../../Drivers/STM32N6xx_HAL_Driver/Inc/stm32n6xx_ll_ucpd.h:641:22:LL_UCPD_SetccEnable	16	static
../../Drivers/STM32N6xx_HAL_Driver/Inc/stm32n6xx_ll_ucpd.h:652:22:LL_UCPD_SetSNKRole	16	static
../../Drivers/STM32N6xx_HAL_Driver/Inc/stm32n6xx_ll_ucpd.h:663:22:LL_UCPD_SetSRCRole	16	static
../../Drivers/STM32N6xx_HAL_Driver/Inc/stm32n6xx_ll_ucpd.h:692:22:LL_UCPD_SetRpResistor	16	static
../../Drivers/STM32N6xx_HAL_Driver/Inc/stm32n6xx_ll_ucpd.h:706:22:LL_UCPD_SetCCPin	16	static
../../Drivers/STM32N6xx_HAL_Driver/Inc/stm32n6xx_ll_ucpd.h:717:22:LL_UCPD_RxEnable	16	static
../../Drivers/STM32N6xx_HAL_Driver/Inc/stm32n6xx_ll_ucpd.h:728:22:LL_UCPD_RxDisable	16	static
../../Drivers/STM32N6xx_HAL_Driver/Inc/stm32n6xx_ll_ucpd.h:1604:22:LL_UCPD_RxDMAEnable	16	static
F:/ST/Projects/Ux_Device_MSC/Middlewares/ST/STM32_USBPD_Library/Devices/STM32N6XX/src/usbpd_phy_hw_if.c:47:6:USBPD_HW_IF_GlobalHwInit	4	static
F:/ST/Projects/Ux_Device_MSC/Middlewares/ST/STM32_USBPD_Library/Devices/STM32N6XX/src/usbpd_phy_hw_if.c:151:6:USBPDM1_AssertRp	16	static
F:/ST/Projects/Ux_Device_MSC/Middlewares/ST/STM32_USBPD_Library/Devices/STM32N6XX/src/usbpd_phy_hw_if.c:188:6:USBPDM1_DeAssertRp	16	static
F:/ST/Projects/Ux_Device_MSC/Middlewares/ST/STM32_USBPD_Library/Devices/STM32N6XX/src/usbpd_phy_hw_if.c:199:6:USBPDM1_AssertRd	16	static
F:/ST/Projects/Ux_Device_MSC/Middlewares/ST/STM32_USBPD_Library/Devices/STM32N6XX/src/usbpd_phy_hw_if.c:233:6:USBPDM1_DeAssertRd	16	static
F:/ST/Projects/Ux_Device_MSC/Middlewares/ST/STM32_USBPD_Library/Devices/STM32N6XX/src/usbpd_phy_hw_if.c:244:6:USBPDM1_EnterErrorRecovery	16	static
F:/ST/Projects/Ux_Device_MSC/Middlewares/ST/STM32_USBPD_Library/Devices/STM32N6XX/src/usbpd_phy_hw_if.c:258:6:USBPDM1_Set_CC	16	static
F:/ST/Projects/Ux_Device_MSC/Middlewares/ST/STM32_USBPD_Library/Devices/STM32N6XX/src/usbpd_phy_hw_if.c:270:6:USBPDM1_RX_EnableInterrupt	16	static
F:/ST/Projects/Ux_Device_MSC/Middlewares/ST/STM32_USBPD_Library/Devices/STM32N6XX/src/usbpd_phy_hw_if.c:284:6:USBPD_HW_IF_EnableRX	16	static
F:/ST/Projects/Ux_Device_MSC/Middlewares/ST/STM32_USBPD_Library/Devices/STM32N6XX/src/usbpd_phy_hw_if.c:294:6:USBPD_HW_IF_DisableRX	16	static
F:/ST/Projects/Ux_Device_MSC/Middlewares/ST/STM32_USBPD_Library/Devices/STM32N6XX/src/usbpd_phy_hw_if.c:299:6:HW_SignalAttachement	16	static
F:/ST/Projects/Ux_Device_MSC/Middlewares/ST/STM32_USBPD_Library/Devices/STM32N6XX/src/usbpd_phy_hw_if.c:372:6:HW_SignalDetachment	16	static
F:/ST/Projects/Ux_Device_MSC/Middlewares/ST/STM32_USBPD_Library/Devices/STM32N6XX/src/usbpd_phy_hw_if.c:420:6:USBPD_HW_IF_SetResistor_SinkTxNG	16	static
F:/ST/Projects/Ux_Device_MSC/Middlewares/ST/STM32_USBPD_Library/Devices/STM32N6XX/src/usbpd_phy_hw_if.c:431:6:USBPD_HW_IF_SetResistor_SinkTxOK	16	static
F:/ST/Projects/Ux_Device_MSC/Middlewares/ST/STM32_USBPD_Library/Devices/STM32N6XX/src/usbpd_phy_hw_if.c:442:9:USBPD_HW_IF_IsResistor_SinkTxOk	16	static
F:/ST/Projects/Ux_Device_MSC/Middlewares/ST/STM32_USBPD_Library/Devices/STM32N6XX/src/usbpd_phy_hw_if.c:487:6:USBPD_HW_IF_FastRoleSwapSignalling	16	static
