../../Drivers/CMSIS/Include/core_cm55.h:3840:26:__NVIC_GetPriorityGrouping	1
../../Drivers/CMSIS/Include/core_cm55.h:3852:22:__NVIC_EnableIRQ	2
../../Drivers/CMSIS/Include/core_cm55.h:4049:22:__NVIC_SetPriority	2
../../Drivers/CMSIS/Include/core_cm55.h:4096:26:NVIC_EncodePriority	2
../../Drivers/STM32N6xx_HAL_Driver/Inc/stm32n6xx_ll_bus.h:879:22:LL_AHB1_GRP1_EnableClock	1
../../Drivers/STM32N6xx_HAL_Driver/Inc/stm32n6xx_ll_bus.h:1165:22:LL_AHB3_GRP1_EnableClock	1
../../Drivers/STM32N6xx_HAL_Driver/Inc/stm32n6xx_ll_bus.h:1407:22:LL_AHB4_GRP1_EnableClock	1
../../Drivers/STM32N6xx_HAL_Driver/Inc/stm32n6xx_ll_bus.h:2739:22:LL_APB1_GRP2_EnableClock	1
F:/ST/Projects/Ux_Device_MSC/Core/Src/main.c:81:5:main	7
F:/ST/Projects/Ux_Device_MSC/Core/Src/main.c:156:6:SystemClock_Config	8
F:/ST/Projects/Ux_Device_MSC/Core/Src/main.c:254:6:MPU_Config	1
F:/ST/Projects/Ux_Device_MSC/Core/Src/main.c:294:13:MX_GPDMA1_Init	1
F:/ST/Projects/Ux_Device_MSC/Core/Src/main.c:325:13:MX_UCPD1_Init	1
F:/ST/Projects/Ux_Device_MSC/Core/Src/main.c:409:13:MX_SDMMC2_SD_Init	2
F:/ST/Projects/Ux_Device_MSC/Core/Src/main.c:439:13:MX_GPIO_Init	1
F:/ST/Projects/Ux_Device_MSC/Core/Src/main.c:476:13:RISAF_Config	1
F:/ST/Projects/Ux_Device_MSC/Core/Src/main.c:502:6:MX_USB1_OTG_HS_PCD_Init	2
F:/ST/Projects/Ux_Device_MSC/Core/Src/main.c:543:6:HAL_TIM_PeriodElapsedCallback	2
F:/ST/Projects/Ux_Device_MSC/Core/Src/main.c:560:6:Error_Handler	1
